C51 COMPILER V9.60.7.0   KEYPAD                                                            03/06/2023 14:31:11 PAGE 1   


C51 COMPILER V9.60.7.0, COMPILATION OF MODULE KEYPAD
OBJECT MODULE PLACED IN .\Objects\keypad.obj
COMPILER INVOKED BY: C:\Keil_v5\C51\BIN\C51.EXE keypad.c OPTIMIZE(8,SPEED) BROWSE DEBUG OBJECTEXTEND PRINT(.\Listings\ke
                    -ypad.lst) TABS(2) OBJECT(.\Objects\keypad.obj)

line level    source

   1          #include <at89c5131.h>
   2          #include "lcd.h"
   3          
   4          code unsigned char enter_password[] = "Enter Password:";
   5          code unsigned char correct_password[] = "Correct Password";
   6          code unsigned char wrong_password[] = "Wrong Password";
   7          code unsigned char access[] = "Access Granted";
   8          code unsigned char denied[] = "Access Denied";
   9          code unsigned char keys[4][4] = {{'1', '2', '3', 'A'},
  10                                           {'4', '5', '6', 'B'},
  11                                           {'7', '8', '9', 'C'},
  12                                           {'*', '0', '#', 'D'}
  13                                          };
  14          
  15          void main(){
  16   1        unsigned char password[8] = "15A8*D6#";
  17   1          unsigned char inp[8] = "";
  18   1          unsigned char num, i, j, key, flag = 1, count = 0;
  19   1      
  20   1          lcd_init();  
  21   1        lcd_cmd(0x80);              
  22   1        lcd_write_string(enter_password);
  23   1      
  24   1          for(i=0; i<8; i++){
  25   2              lcd_cmd(0xC0);
  26   2              lcd_write_string(inp);
  27   2      
  28   2              P3 = 0x0F;
  29   2              while(1){
  30   3                  num = P3 & 0x0F;
  31   3                  while(num != 0x0F){  // Checks for last key still pressed
  32   4                      num = P3 & 0x0F;
  33   4                      msdelay(1);
  34   4                  }
  35   3                  while(num == 0x0F){  // Checks if new key is pressed
  36   4                      num = P3 & 0x0F; 
  37   4                      msdelay(1);
  38   4                  }
  39   3                  msdelay(20); // Debounce
  40   3                  num = P3 & 0x0F;
  41   3                  if(num != 0x0F){
  42   4                      break;
  43   4                  }
  44   3              }
  45   2      
  46   2              for(j=4; j<8; j++){
  47   3                  P3 = (0xFF) - (1<<j);
  48   3                  num = P3 & 0x0F;
  49   3                  count = 0;
  50   3                  if(num != 0x0F){
  51   4                      while(num & 1){
  52   5                          num >>= 1;
  53   5                          count++;
  54   5                      }
C51 COMPILER V9.60.7.0   KEYPAD                                                            03/06/2023 14:31:11 PAGE 2   

  55   4                      key = keys[3-count][j-4];
  56   4                      break;
  57   4                  }
  58   3              }
  59   2      
  60   2              inp[i] = key;
  61   2          }
  62   1          
  63   1        msdelay(300);
  64   1      
  65   1          for(i=0; i<8; i++){
  66   2              if(inp[i] != password[i]){
  67   3                  flag = 0; 
  68   3                  break;
  69   3              }
  70   2          }
  71   1      
  72   1          if(flag){
  73   2              lcd_cmd(0x80);
  74   2              lcd_write_string(correct_password);
  75   2              lcd_cmd(0xC0);
  76   2              lcd_write_string(access);
  77   2          }
  78   1          else{
  79   2              lcd_cmd(0x80);
  80   2              lcd_write_string(wrong_password);
  81   2              lcd_cmd(0xC0);
  82   2              lcd_write_string(denied);
  83   2          }
  84   1      
  85   1          msdelay(10000);
  86   1      }
  87          


MODULE INFORMATION:   STATIC OVERLAYABLE
   CODE SIZE        =    507    ----
   CONSTANT SIZE    =    109    ----
   XDATA SIZE       =   ----    ----
   PDATA SIZE       =   ----    ----
   DATA SIZE        =   ----      23
   IDATA SIZE       =   ----    ----
   BIT SIZE         =   ----    ----
END OF MODULE INFORMATION.


C51 COMPILATION COMPLETE.  0 WARNING(S),  0 ERROR(S)
